../Core/Inc/NRF24.h:355:20:nrf24_set_payload_size	1
../Core/Src/main.c:94:5:main	2
../Core/Src/main.c:175:6:SystemClock_Config	3
../Core/Src/main.c:212:7:NormalizeADC	2
../Core/Src/main.c:220:10:ToPWMus	3
../Core/Src/main.c:227:6:KiwiDrive	2
../Core/Src/main.c:246:6:DebugUART	1
../Core/Src/main.c:260:6:debug_dump_settings	1
../Core/Src/main.c:284:9:Set_PWM_Duty	4
../Core/Src/main.c:306:6:nrf24_receiver_setup	1
../Core/Src/main.c:340:5:__io_putchar	1
../Core/Src/main.c:347:6:try_receive_nrf24	2
../Core/Src/main.c:369:6:Error_Handler	1
