../Core/Inc/NRF24.h:355:20:nrf24_set_payload_size	16	static
../Core/Src/main.c:94:5:main	32	static
../Core/Src/main.c:175:6:SystemClock_Config	72	static
../Core/Src/main.c:212:7:NormalizeADC	24	static
../Core/Src/main.c:220:10:ToPWMus	16	static
../Core/Src/main.c:227:6:KiwiDrive	56	static
../Core/Src/main.c:246:6:DebugUART	192	static
../Core/Src/main.c:260:6:debug_dump_settings	40	static
../Core/Src/main.c:284:9:Set_PWM_Duty	24	static
../Core/Src/main.c:306:6:nrf24_receiver_setup	8	static
../Core/Src/main.c:340:5:__io_putchar	16	static
../Core/Src/main.c:347:6:try_receive_nrf24	32	static
../Core/Src/main.c:369:6:Error_Handler	4	static,ignoring_inline_asm
